Archive member included to satisfy reference by file (symbol)

c:/program files (x86)/atmel/studio/7.0/toolchain/avr8/avr8-gnu-toolchain/bin/../lib/gcc/avr/5.4.0/avr5\libgcc.a(_exit.o)
                              C:/Program Files (x86)/Atmel/Studio/7.0/Packs/atmel/ATmega_DFP/1.7.374/gcc/dev/atmega32a/avr5/crtatmega32a.o (exit)
c:/program files (x86)/atmel/studio/7.0/toolchain/avr8/avr8-gnu-toolchain/bin/../lib/gcc/avr/5.4.0/avr5\libgcc.a(_clear_bss.o)
                              Application/application.o (__do_clear_bss)

Discarded input sections

 .data          0x00000000        0x0 C:/Program Files (x86)/Atmel/Studio/7.0/Packs/atmel/ATmega_DFP/1.7.374/gcc/dev/atmega32a/avr5/crtatmega32a.o
 .bss           0x00000000        0x0 C:/Program Files (x86)/Atmel/Studio/7.0/Packs/atmel/ATmega_DFP/1.7.374/gcc/dev/atmega32a/avr5/crtatmega32a.o
 .text          0x00000000        0x0 Application/application.o
 .data          0x00000000        0x0 Application/application.o
 .bss           0x00000000        0x0 Application/application.o
 .text          0x00000000        0x0 ECUAL/Button Driver/button.o
 .data          0x00000000        0x0 ECUAL/Button Driver/button.o
 .bss           0x00000000        0x0 ECUAL/Button Driver/button.o
 .text.BUTTON_init
                0x00000000        0x8 ECUAL/Button Driver/button.o
 .text.BUTTON_read
                0x00000000        0x6 ECUAL/Button Driver/button.o
 .debug_info    0x00000000      0x12c ECUAL/Button Driver/button.o
 .debug_abbrev  0x00000000       0x89 ECUAL/Button Driver/button.o
 .debug_loc     0x00000000       0xaa ECUAL/Button Driver/button.o
 .debug_aranges
                0x00000000       0x28 ECUAL/Button Driver/button.o
 .debug_ranges  0x00000000       0x18 ECUAL/Button Driver/button.o
 .debug_line    0x00000000       0xe7 ECUAL/Button Driver/button.o
 .debug_str     0x00000000      0x1a3 ECUAL/Button Driver/button.o
 .comment       0x00000000       0x31 ECUAL/Button Driver/button.o
 .debug_frame   0x00000000       0x34 ECUAL/Button Driver/button.o
 .text          0x00000000        0x0 ECUAL/LED Driver/LED.o
 .data          0x00000000        0x0 ECUAL/LED Driver/LED.o
 .bss           0x00000000        0x0 ECUAL/LED Driver/LED.o
 .text          0x00000000        0x0 MCAL/DIO Driver/DIO.o
 .data          0x00000000        0x0 MCAL/DIO Driver/DIO.o
 .bss           0x00000000        0x0 MCAL/DIO Driver/DIO.o
 .text.DIO_read
                0x00000000       0xc8 MCAL/DIO Driver/DIO.o
 .text          0x00000000        0x0 MCAL/interrupts/interrupts.o
 .data          0x00000000        0x0 MCAL/interrupts/interrupts.o
 .bss           0x00000000        0x0 MCAL/interrupts/interrupts.o
 .text.INT1_Sense
                0x00000000       0x3c MCAL/interrupts/interrupts.o
 .text.INT2_Sense
                0x00000000       0x18 MCAL/interrupts/interrupts.o
 .text          0x00000000        0x0 MCAL/Timer Driver/timer.o
 .data          0x00000000        0x0 MCAL/Timer Driver/timer.o
 .bss           0x00000000        0x0 MCAL/Timer Driver/timer.o
 .text.Timer_stop
                0x00000000        0x4 MCAL/Timer Driver/timer.o
 .text          0x00000000        0x0 Utilities/main.o
 .data          0x00000000        0x0 Utilities/main.o
 .bss           0x00000000        0x0 Utilities/main.o
 .text          0x00000000        0x0 Utilities/test_module.o
 .data          0x00000000        0x0 Utilities/test_module.o
 .bss           0x00000000        0x0 Utilities/test_module.o
 .text.test     0x00000000       0x12 Utilities/test_module.o
 .debug_info    0x00000000       0xad Utilities/test_module.o
 .debug_abbrev  0x00000000       0x71 Utilities/test_module.o
 .debug_aranges
                0x00000000       0x20 Utilities/test_module.o
 .debug_ranges  0x00000000       0x10 Utilities/test_module.o
 .debug_line    0x00000000       0x87 Utilities/test_module.o
 .debug_str     0x00000000      0x177 Utilities/test_module.o
 .comment       0x00000000       0x31 Utilities/test_module.o
 .debug_frame   0x00000000       0x24 Utilities/test_module.o
 .text          0x00000000        0x0 c:/program files (x86)/atmel/studio/7.0/toolchain/avr8/avr8-gnu-toolchain/bin/../lib/gcc/avr/5.4.0/avr5\libgcc.a(_exit.o)
 .data          0x00000000        0x0 c:/program files (x86)/atmel/studio/7.0/toolchain/avr8/avr8-gnu-toolchain/bin/../lib/gcc/avr/5.4.0/avr5\libgcc.a(_exit.o)
 .bss           0x00000000        0x0 c:/program files (x86)/atmel/studio/7.0/toolchain/avr8/avr8-gnu-toolchain/bin/../lib/gcc/avr/5.4.0/avr5\libgcc.a(_exit.o)
 .text.libgcc.mul
                0x00000000        0x0 c:/program files (x86)/atmel/studio/7.0/toolchain/avr8/avr8-gnu-toolchain/bin/../lib/gcc/avr/5.4.0/avr5\libgcc.a(_exit.o)
 .text.libgcc.div
                0x00000000        0x0 c:/program files (x86)/atmel/studio/7.0/toolchain/avr8/avr8-gnu-toolchain/bin/../lib/gcc/avr/5.4.0/avr5\libgcc.a(_exit.o)
 .text.libgcc   0x00000000        0x0 c:/program files (x86)/atmel/studio/7.0/toolchain/avr8/avr8-gnu-toolchain/bin/../lib/gcc/avr/5.4.0/avr5\libgcc.a(_exit.o)
 .text.libgcc.prologue
                0x00000000        0x0 c:/program files (x86)/atmel/studio/7.0/toolchain/avr8/avr8-gnu-toolchain/bin/../lib/gcc/avr/5.4.0/avr5\libgcc.a(_exit.o)
 .text.libgcc.builtins
                0x00000000        0x0 c:/program files (x86)/atmel/studio/7.0/toolchain/avr8/avr8-gnu-toolchain/bin/../lib/gcc/avr/5.4.0/avr5\libgcc.a(_exit.o)
 .text.libgcc.fmul
                0x00000000        0x0 c:/program files (x86)/atmel/studio/7.0/toolchain/avr8/avr8-gnu-toolchain/bin/../lib/gcc/avr/5.4.0/avr5\libgcc.a(_exit.o)
 .text.libgcc.fixed
                0x00000000        0x0 c:/program files (x86)/atmel/studio/7.0/toolchain/avr8/avr8-gnu-toolchain/bin/../lib/gcc/avr/5.4.0/avr5\libgcc.a(_exit.o)
 .text          0x00000000        0x0 c:/program files (x86)/atmel/studio/7.0/toolchain/avr8/avr8-gnu-toolchain/bin/../lib/gcc/avr/5.4.0/avr5\libgcc.a(_clear_bss.o)
 .data          0x00000000        0x0 c:/program files (x86)/atmel/studio/7.0/toolchain/avr8/avr8-gnu-toolchain/bin/../lib/gcc/avr/5.4.0/avr5\libgcc.a(_clear_bss.o)
 .bss           0x00000000        0x0 c:/program files (x86)/atmel/studio/7.0/toolchain/avr8/avr8-gnu-toolchain/bin/../lib/gcc/avr/5.4.0/avr5\libgcc.a(_clear_bss.o)
 .text.libgcc.mul
                0x00000000        0x0 c:/program files (x86)/atmel/studio/7.0/toolchain/avr8/avr8-gnu-toolchain/bin/../lib/gcc/avr/5.4.0/avr5\libgcc.a(_clear_bss.o)
 .text.libgcc.div
                0x00000000        0x0 c:/program files (x86)/atmel/studio/7.0/toolchain/avr8/avr8-gnu-toolchain/bin/../lib/gcc/avr/5.4.0/avr5\libgcc.a(_clear_bss.o)
 .text.libgcc   0x00000000        0x0 c:/program files (x86)/atmel/studio/7.0/toolchain/avr8/avr8-gnu-toolchain/bin/../lib/gcc/avr/5.4.0/avr5\libgcc.a(_clear_bss.o)
 .text.libgcc.prologue
                0x00000000        0x0 c:/program files (x86)/atmel/studio/7.0/toolchain/avr8/avr8-gnu-toolchain/bin/../lib/gcc/avr/5.4.0/avr5\libgcc.a(_clear_bss.o)
 .text.libgcc.builtins
                0x00000000        0x0 c:/program files (x86)/atmel/studio/7.0/toolchain/avr8/avr8-gnu-toolchain/bin/../lib/gcc/avr/5.4.0/avr5\libgcc.a(_clear_bss.o)
 .text.libgcc.fmul
                0x00000000        0x0 c:/program files (x86)/atmel/studio/7.0/toolchain/avr8/avr8-gnu-toolchain/bin/../lib/gcc/avr/5.4.0/avr5\libgcc.a(_clear_bss.o)
 .text.libgcc.fixed
                0x00000000        0x0 c:/program files (x86)/atmel/studio/7.0/toolchain/avr8/avr8-gnu-toolchain/bin/../lib/gcc/avr/5.4.0/avr5\libgcc.a(_clear_bss.o)

Memory Configuration

Name             Origin             Length             Attributes
text             0x00000000         0x00008000         xr
data             0x00800060         0x00000800         rw !x
eeprom           0x00810000         0x00000400         rw !x
fuse             0x00820000         0x00000002         rw !x
lock             0x00830000         0x00000400         rw !x
signature        0x00840000         0x00000400         rw !x
user_signatures  0x00850000         0x00000400         rw !x
*default*        0x00000000         0xffffffff

Linker script and memory map

LOAD C:/Program Files (x86)/Atmel/Studio/7.0/Packs/atmel/ATmega_DFP/1.7.374/gcc/dev/atmega32a/avr5/crtatmega32a.o
LOAD Application/application.o
LOAD ECUAL/Button Driver/button.o
LOAD ECUAL/LED Driver/LED.o
LOAD MCAL/DIO Driver/DIO.o
LOAD MCAL/interrupts/interrupts.o
LOAD MCAL/Timer Driver/timer.o
LOAD Utilities/main.o
LOAD Utilities/test_module.o
START GROUP
LOAD c:/program files (x86)/atmel/studio/7.0/toolchain/avr8/avr8-gnu-toolchain/bin/../lib/gcc/avr/5.4.0/../../../../avr/lib/avr5\libm.a
END GROUP
START GROUP
LOAD c:/program files (x86)/atmel/studio/7.0/toolchain/avr8/avr8-gnu-toolchain/bin/../lib/gcc/avr/5.4.0/avr5\libgcc.a
LOAD c:/program files (x86)/atmel/studio/7.0/toolchain/avr8/avr8-gnu-toolchain/bin/../lib/gcc/avr/5.4.0/../../../../avr/lib/avr5\libm.a
LOAD c:/program files (x86)/atmel/studio/7.0/toolchain/avr8/avr8-gnu-toolchain/bin/../lib/gcc/avr/5.4.0/../../../../avr/lib/avr5\libc.a
LOAD C:/Program Files (x86)/Atmel/Studio/7.0/Packs/atmel/ATmega_DFP/1.7.374/gcc/dev/atmega32a/avr5\libatmega32a.a
END GROUP
                [0x00000000]                __TEXT_REGION_ORIGIN__ = DEFINED (__TEXT_REGION_ORIGIN__)?__TEXT_REGION_ORIGIN__:0x0
                [0x00800060]                __DATA_REGION_ORIGIN__ = DEFINED (__DATA_REGION_ORIGIN__)?__DATA_REGION_ORIGIN__:0x800060
                [0x00008000]                __TEXT_REGION_LENGTH__ = DEFINED (__TEXT_REGION_LENGTH__)?__TEXT_REGION_LENGTH__:0x20000
                [0x00000800]                __DATA_REGION_LENGTH__ = DEFINED (__DATA_REGION_LENGTH__)?__DATA_REGION_LENGTH__:0xffa0
                [0x00000400]                __EEPROM_REGION_LENGTH__ = DEFINED (__EEPROM_REGION_LENGTH__)?__EEPROM_REGION_LENGTH__:0x10000
                [0x00000002]                __FUSE_REGION_LENGTH__ = DEFINED (__FUSE_REGION_LENGTH__)?__FUSE_REGION_LENGTH__:0x400
                0x00000400                __LOCK_REGION_LENGTH__ = DEFINED (__LOCK_REGION_LENGTH__)?__LOCK_REGION_LENGTH__:0x400
                0x00000400                __SIGNATURE_REGION_LENGTH__ = DEFINED (__SIGNATURE_REGION_LENGTH__)?__SIGNATURE_REGION_LENGTH__:0x400
                0x00000400                __USER_SIGNATURE_REGION_LENGTH__ = DEFINED (__USER_SIGNATURE_REGION_LENGTH__)?__USER_SIGNATURE_REGION_LENGTH__:0x400

.hash
 *(.hash)

.dynsym
 *(.dynsym)

.dynstr
 *(.dynstr)

.gnu.version
 *(.gnu.version)

.gnu.version_d
 *(.gnu.version_d)

.gnu.version_r
 *(.gnu.version_r)

.rel.init
 *(.rel.init)

.rela.init
 *(.rela.init)

.rel.text
 *(.rel.text)
 *(.rel.text.*)
 *(.rel.gnu.linkonce.t*)

.rela.text
 *(.rela.text)
 *(.rela.text.*)
 *(.rela.gnu.linkonce.t*)

.rel.fini
 *(.rel.fini)

.rela.fini
 *(.rela.fini)

.rel.rodata
 *(.rel.rodata)
 *(.rel.rodata.*)
 *(.rel.gnu.linkonce.r*)

.rela.rodata
 *(.rela.rodata)
 *(.rela.rodata.*)
 *(.rela.gnu.linkonce.r*)

.rel.data
 *(.rel.data)
 *(.rel.data.*)
 *(.rel.gnu.linkonce.d*)

.rela.data
 *(.rela.data)
 *(.rela.data.*)
 *(.rela.gnu.linkonce.d*)

.rel.ctors
 *(.rel.ctors)

.rela.ctors
 *(.rela.ctors)

.rel.dtors
 *(.rel.dtors)

.rela.dtors
 *(.rela.dtors)

.rel.got
 *(.rel.got)

.rela.got
 *(.rela.got)

.rel.bss
 *(.rel.bss)

.rela.bss
 *(.rela.bss)

.rel.plt
 *(.rel.plt)

.rela.plt
 *(.rela.plt)

.text           0x00000000      0x786
 *(.vectors)
 .vectors       0x00000000       0x54 C:/Program Files (x86)/Atmel/Studio/7.0/Packs/atmel/ATmega_DFP/1.7.374/gcc/dev/atmega32a/avr5/crtatmega32a.o
                0x00000000                __vector_default
                0x00000000                __vectors
 *(.vectors)
 *(.progmem.gcc*)
                0x00000054                . = ALIGN (0x2)
                0x00000054                __trampolines_start = .
 *(.trampolines)
 .trampolines   0x00000054        0x0 linker stubs
 *(.trampolines*)
                0x00000054                __trampolines_end = .
 *libprintf_flt.a:*(.progmem.data)
 *libc.a:*(.progmem.data)
 *(.progmem*)
                0x00000054                . = ALIGN (0x2)
 *(.jumptables)
 *(.jumptables*)
 *(.lowtext)
 *(.lowtext*)
                0x00000054                __ctors_start = .
 *(.ctors)
                0x00000054                __ctors_end = .
                0x00000054                __dtors_start = .
 *(.dtors)
                0x00000054                __dtors_end = .
 SORT(*)(.ctors)
 SORT(*)(.dtors)
 *(.init0)
 .init0         0x00000054        0x0 C:/Program Files (x86)/Atmel/Studio/7.0/Packs/atmel/ATmega_DFP/1.7.374/gcc/dev/atmega32a/avr5/crtatmega32a.o
                0x00000054                __init
 *(.init0)
 *(.init1)
 *(.init1)
 *(.init2)
 .init2         0x00000054        0xc C:/Program Files (x86)/Atmel/Studio/7.0/Packs/atmel/ATmega_DFP/1.7.374/gcc/dev/atmega32a/avr5/crtatmega32a.o
 *(.init2)
 *(.init3)
 *(.init3)
 *(.init4)
 .init4         0x00000060       0x10 c:/program files (x86)/atmel/studio/7.0/toolchain/avr8/avr8-gnu-toolchain/bin/../lib/gcc/avr/5.4.0/avr5\libgcc.a(_clear_bss.o)
                0x00000060                __do_clear_bss
 *(.init4)
 *(.init5)
 *(.init5)
 *(.init6)
 *(.init6)
 *(.init7)
 *(.init7)
 *(.init8)
 *(.init8)
 *(.init9)
 .init9         0x00000070        0x8 C:/Program Files (x86)/Atmel/Studio/7.0/Packs/atmel/ATmega_DFP/1.7.374/gcc/dev/atmega32a/avr5/crtatmega32a.o
 *(.init9)
 *(.text)
 .text          0x00000078        0x4 C:/Program Files (x86)/Atmel/Studio/7.0/Packs/atmel/ATmega_DFP/1.7.374/gcc/dev/atmega32a/avr5/crtatmega32a.o
                0x00000078                __vector_12
                0x00000078                __bad_interrupt
                0x00000078                __vector_6
                0x00000078                __vector_3
                0x00000078                __vector_11
                0x00000078                __vector_13
                0x00000078                __vector_17
                0x00000078                __vector_19
                0x00000078                __vector_7
                0x00000078                __vector_5
                0x00000078                __vector_4
                0x00000078                __vector_9
                0x00000078                __vector_2
                0x00000078                __vector_15
                0x00000078                __vector_8
                0x00000078                __vector_14
                0x00000078                __vector_10
                0x00000078                __vector_16
                0x00000078                __vector_18
                0x00000078                __vector_20
                0x0000007c                . = ALIGN (0x2)
 *(.text.*)
 .text.carGreen
                0x0000007c      0x138 Application/application.o
                0x0000007c                carGreen
 .text.carRED   0x000001b4       0xd4 Application/application.o
                0x000001b4                carRED
 .text.carYellow
                0x00000288      0x164 Application/application.o
                0x00000288                carYellow
 .text.appStart
                0x000003ec       0x6e Application/application.o
                0x000003ec                appStart
 .text.LED_init
                0x0000045a        0x8 ECUAL/LED Driver/LED.o
                0x0000045a                LED_init
 .text.LED_on   0x00000462        0x8 ECUAL/LED Driver/LED.o
                0x00000462                LED_on
 .text.LED_off  0x0000046a        0x8 ECUAL/LED Driver/LED.o
                0x0000046a                LED_off
 .text.LED_toggle
                0x00000472        0x6 ECUAL/LED Driver/LED.o
                0x00000472                LED_toggle
 .text.DIO_init
                0x00000478       0xf0 MCAL/DIO Driver/DIO.o
                0x00000478                DIO_init
 .text.DIO_write
                0x00000568       0xf0 MCAL/DIO Driver/DIO.o
                0x00000568                DIO_write
 .text.DIO_toggle
                0x00000658       0x6e MCAL/DIO Driver/DIO.o
                0x00000658                DIO_toggle
 .text.enable_extint
                0x000006c6       0x28 MCAL/interrupts/interrupts.o
                0x000006c6                enable_extint
 .text.INT0_Sense
                0x000006ee       0x3c MCAL/interrupts/interrupts.o
                0x000006ee                INT0_Sense
 .text.Set_timer
                0x0000072a        0x6 MCAL/Timer Driver/timer.o
                0x0000072a                Set_timer
 .text.Start_timer
                0x00000730       0x26 MCAL/Timer Driver/timer.o
                0x00000730                Start_timer
 .text.main     0x00000756        0xa Utilities/main.o
                0x00000756                main
 .text.__vector_1
                0x00000760       0x22 Utilities/main.o
                0x00000760                __vector_1
                0x00000782                . = ALIGN (0x2)
 *(.fini9)
 .fini9         0x00000782        0x0 c:/program files (x86)/atmel/studio/7.0/toolchain/avr8/avr8-gnu-toolchain/bin/../lib/gcc/avr/5.4.0/avr5\libgcc.a(_exit.o)
                0x00000782                _exit
                0x00000782                exit
 *(.fini9)
 *(.fini8)
 *(.fini8)
 *(.fini7)
 *(.fini7)
 *(.fini6)
 *(.fini6)
 *(.fini5)
 *(.fini5)
 *(.fini4)
 *(.fini4)
 *(.fini3)
 *(.fini3)
 *(.fini2)
 *(.fini2)
 *(.fini1)
 *(.fini1)
 *(.fini0)
 .fini0         0x00000782        0x4 c:/program files (x86)/atmel/studio/7.0/toolchain/avr8/avr8-gnu-toolchain/bin/../lib/gcc/avr/5.4.0/avr5\libgcc.a(_exit.o)
 *(.fini0)
                0x00000786                _etext = .

.data           0x00800060        0x0 load address 0x00000786
                [!provide]                PROVIDE (__data_start, .)
 *(.data)
 *(.data*)
 *(.gnu.linkonce.d*)
 *(.rodata)
 *(.rodata*)
 *(.gnu.linkonce.r*)
                0x00800060                . = ALIGN (0x2)
                0x00800060                _edata = .
                [!provide]                PROVIDE (__data_end, .)

.bss            0x00800060        0x2
                0x00800060                PROVIDE (__bss_start, .)
 *(.bss)
 *(.bss*)
 .bss.flag      0x00800060        0x1 Application/application.o
                0x00800060                flag
 .bss.Blink     0x00800061        0x1 Application/application.o
                0x00800061                Blink
 *(COMMON)
                0x00800062                PROVIDE (__bss_end, .)
                0x00000786                __data_load_start = LOADADDR (.data)
                0x00000786                __data_load_end = (__data_load_start + SIZEOF (.data))

.noinit         0x00800062        0x0
                [!provide]                PROVIDE (__noinit_start, .)
 *(.noinit*)
                [!provide]                PROVIDE (__noinit_end, .)
                0x00800062                _end = .
                [!provide]                PROVIDE (__heap_start, .)

.eeprom         0x00810000        0x0
 *(.eeprom*)
                0x00810000                __eeprom_end = .

.fuse
 *(.fuse)
 *(.lfuse)
 *(.hfuse)
 *(.efuse)

.lock
 *(.lock*)

.signature
 *(.signature*)

.user_signatures
 *(.user_signatures*)

.stab
 *(.stab)

.stabstr
 *(.stabstr)

.stab.excl
 *(.stab.excl)

.stab.exclstr
 *(.stab.exclstr)

.stab.index
 *(.stab.index)

.stab.indexstr
 *(.stab.indexstr)

.comment        0x00000000       0x30
 *(.comment)
 .comment       0x00000000       0x30 Application/application.o
                                 0x31 (size before relaxing)
 .comment       0x00000030       0x31 ECUAL/LED Driver/LED.o
 .comment       0x00000030       0x31 MCAL/DIO Driver/DIO.o
 .comment       0x00000030       0x31 MCAL/interrupts/interrupts.o
 .comment       0x00000030       0x31 MCAL/Timer Driver/timer.o
 .comment       0x00000030       0x31 Utilities/main.o

.note.gnu.avr.deviceinfo
                0x00000000       0x3c
 .note.gnu.avr.deviceinfo
                0x00000000       0x3c C:/Program Files (x86)/Atmel/Studio/7.0/Packs/atmel/ATmega_DFP/1.7.374/gcc/dev/atmega32a/avr5/crtatmega32a.o

.note.gnu.build-id
 *(.note.gnu.build-id)

.debug
 *(.debug)

.line
 *(.line)

.debug_srcinfo
 *(.debug_srcinfo)

.debug_sfnames
 *(.debug_sfnames)

.debug_aranges  0x00000000      0x138
 *(.debug_aranges)
 .debug_aranges
                0x00000000       0x38 Application/application.o
 .debug_aranges
                0x00000038       0x38 ECUAL/LED Driver/LED.o
 .debug_aranges
                0x00000070       0x38 MCAL/DIO Driver/DIO.o
 .debug_aranges
                0x000000a8       0x38 MCAL/interrupts/interrupts.o
 .debug_aranges
                0x000000e0       0x30 MCAL/Timer Driver/timer.o
 .debug_aranges
                0x00000110       0x28 Utilities/main.o

.debug_pubnames
 *(.debug_pubnames)

.debug_info     0x00000000     0x142c
 *(.debug_info .gnu.linkonce.wi.*)
 .debug_info    0x00000000      0x4e6 C:/Program Files (x86)/Atmel/Studio/7.0/Packs/atmel/ATmega_DFP/1.7.374/gcc/dev/atmega32a/avr5/crtatmega32a.o
 .debug_info    0x000004e6      0x9a0 Application/application.o
 .debug_info    0x00000e86      0x1c4 ECUAL/LED Driver/LED.o
 .debug_info    0x0000104a      0x158 MCAL/DIO Driver/DIO.o
 .debug_info    0x000011a2      0x129 MCAL/interrupts/interrupts.o
 .debug_info    0x000012cb       0xb8 MCAL/Timer Driver/timer.o
 .debug_info    0x00001383       0xa9 Utilities/main.o

.debug_abbrev   0x00000000      0x82a
 *(.debug_abbrev)
 .debug_abbrev  0x00000000      0x4a3 C:/Program Files (x86)/Atmel/Studio/7.0/Packs/atmel/ATmega_DFP/1.7.374/gcc/dev/atmega32a/avr5/crtatmega32a.o
 .debug_abbrev  0x000004a3       0xed Application/application.o
 .debug_abbrev  0x00000590       0x80 ECUAL/LED Driver/LED.o
 .debug_abbrev  0x00000610       0x6f MCAL/DIO Driver/DIO.o
 .debug_abbrev  0x0000067f       0x94 MCAL/interrupts/interrupts.o
 .debug_abbrev  0x00000713       0x7c MCAL/Timer Driver/timer.o
 .debug_abbrev  0x0000078f       0x9b Utilities/main.o

.debug_line     0x00000000      0xb9d
 *(.debug_line .debug_line.* .debug_line_end)
 .debug_line    0x00000000      0x116 C:/Program Files (x86)/Atmel/Studio/7.0/Packs/atmel/ATmega_DFP/1.7.374/gcc/dev/atmega32a/avr5/crtatmega32a.o
 .debug_line    0x00000116      0x490 Application/application.o
 .debug_line    0x000005a6      0x105 ECUAL/LED Driver/LED.o
 .debug_line    0x000006ab      0x1d3 MCAL/DIO Driver/DIO.o
 .debug_line    0x0000087e      0x170 MCAL/interrupts/interrupts.o
 .debug_line    0x000009ee       0xde MCAL/Timer Driver/timer.o
 .debug_line    0x00000acc       0xd1 Utilities/main.o

.debug_frame    0x00000000      0x1d8
 *(.debug_frame)
 .debug_frame   0x00000000       0x54 Application/application.o
 .debug_frame   0x00000054       0x54 ECUAL/LED Driver/LED.o
 .debug_frame   0x000000a8       0x54 MCAL/DIO Driver/DIO.o
 .debug_frame   0x000000fc       0x54 MCAL/interrupts/interrupts.o
 .debug_frame   0x00000150       0x44 MCAL/Timer Driver/timer.o
 .debug_frame   0x00000194       0x44 Utilities/main.o

.debug_str      0x00000000      0x4df
 *(.debug_str)
 .debug_str     0x00000000      0x196 C:/Program Files (x86)/Atmel/Studio/7.0/Packs/atmel/ATmega_DFP/1.7.374/gcc/dev/atmega32a/avr5/crtatmega32a.o
 .debug_str     0x00000196      0x20a Application/application.o
                                0x215 (size before relaxing)
 .debug_str     0x000003a0       0x47 ECUAL/LED Driver/LED.o
                                0x1a8 (size before relaxing)
 .debug_str     0x000003e7       0x41 MCAL/DIO Driver/DIO.o
                                0x19d (size before relaxing)
 .debug_str     0x00000428       0x42 MCAL/interrupts/interrupts.o
                                0x1ce (size before relaxing)
 .debug_str     0x0000046a       0x51 MCAL/Timer Driver/timer.o
                                0x1a5 (size before relaxing)
 .debug_str     0x000004bb       0x24 Utilities/main.o
                                0x170 (size before relaxing)

.debug_loc      0x00000000      0x57c
 *(.debug_loc)
 .debug_loc     0x00000000      0x108 ECUAL/LED Driver/LED.o
 .debug_loc     0x00000108      0x278 MCAL/DIO Driver/DIO.o
 .debug_loc     0x00000380      0x174 MCAL/interrupts/interrupts.o
 .debug_loc     0x000004f4       0x4c MCAL/Timer Driver/timer.o
 .debug_loc     0x00000540       0x3c Utilities/main.o

.debug_macinfo
 *(.debug_macinfo)

.debug_weaknames
 *(.debug_weaknames)

.debug_funcnames
 *(.debug_funcnames)

.debug_typenames
 *(.debug_typenames)

.debug_varnames
 *(.debug_varnames)

.debug_pubtypes
 *(.debug_pubtypes)

.debug_ranges   0x00000000       0xd8
 *(.debug_ranges)
 .debug_ranges  0x00000000       0x28 Application/application.o
 .debug_ranges  0x00000028       0x28 ECUAL/LED Driver/LED.o
 .debug_ranges  0x00000050       0x28 MCAL/DIO Driver/DIO.o
 .debug_ranges  0x00000078       0x28 MCAL/interrupts/interrupts.o
 .debug_ranges  0x000000a0       0x20 MCAL/Timer Driver/timer.o
 .debug_ranges  0x000000c0       0x18 Utilities/main.o

.debug_macro
 *(.debug_macro)
OUTPUT(ondemand traffic light.elf elf32-avr)
LOAD linker stubs
